shiva@SHIVA MINGW64 ~ (master)
$ mkdir RAJE

shiva@SHIVA MINGW64 ~ (master)
$ cd RAJE

shiva@SHIVA MINGW64 ~/RAJE (master)
$ git init
Initialized empty Git repository in C:/Users/shiva/RAJE/.git/

shiva@SHIVA MINGW64 ~/RAJE (master)
$ touch 2.txt

shiva@SHIVA MINGW64 ~/RAJE (master)
$ notepad 2.txt

shiva@SHIVA MINGW64 ~/RAJE (master)
$ git add .

shiva@SHIVA MINGW64 ~/RAJE (master)
$ git status
On branch master

No commits yet

Changes to be committed:
  (use "git rm --cached <file>..." to unstage)
        new file:   2.txt


shiva@SHIVA MINGW64 ~/RAJE (master)
$ git commit -m "5 EXP"
[master (root-commit) b2a72af] 5 EXP
 1 file changed, 1 insertion(+)
 create mode 100644 2.txt

shiva@SHIVA MINGW64 ~/RAJE (master)
$ git remote add origin https://github.com/MR-BABY-R/git-new.git

shiva@SHIVA MINGW64 ~/RAJE (master)
$ git checkout feature-branch
error: pathspec 'feature-branch' did not match any file(s) known to git

shiva@SHIVA MINGW64 ~/RAJE (master)
$ git checkout -b feature-branch
Switched to a new branch 'feature-branch'

shiva@SHIVA MINGW64 ~/RAJE (feature-branch)
$  git fetch origin
remote: Enumerating objects: 24, done.
remote: Counting objects: 100% (24/24), done.
remote: Compressing objects: 100% (15/15), done.
remote: Total 24 (delta 1), reused 9 (delta 1), pack-reused 0 (from 0)
Unpacking objects: 100% (24/24), 150.88 KiB | 635.00 KiB/s, done.
From https://github.com/MR-BABY-R/git-new
 * [new branch]      main       -> origin/main
 * [new branch]      master     -> origin/master

shiva@SHIVA MINGW64 ~/RAJE (feature-branch)
$  git rebase origin/main
Successfully rebased and updated refs/heads/feature-branch.

shiva@SHIVA MINGW64 ~/RAJE (feature-branch)
$ git rebase--continue
git: 'rebase--continue' is not a git command. See 'git --help'.

shiva@SHIVA MINGW64 ~/RAJE (feature-branch)
$ git rebase --continue
fatal: No rebase in progress?

shiva@SHIVA MINGW64 ~/RAJE (feature-branch)
$ git rebase--continue
git: 'rebase--continue' is not a git command. See 'git --help'.

shiva@SHIVA MINGW64 ~/RAJE (feature-branch)
$
git rebase --continue
fatal: No rebase in progress?

shiva@SHIVA MINGW64 ~/RAJE (feature-branch)
$ git status
On branch feature-branch
nothing to commit, working tree clean

shiva@SHIVA MINGW64 ~/RAJE (feature-branch)
$ git log --oneline
23b285b (HEAD -> feature-branch) 5 EXP
348e853 (origin/main) Add files via upload
a28cfee Delete 5.txt
9e6dd2f Add files via upload
108db0e Add files via upload
40406ff Delete DS programe 5 .txt
0415465 Add files via upload

shiva@SHIVA MINGW64 ~/RAJE (feature-branch)
$ git push origin master
To https://github.com/MR-BABY-R/git-new.git
 ! [rejected]        master -> master (non-fast-forward)
error: failed to push some refs to 'https://github.com/MR-BABY-R/git-new.git'
hint: Updates were rejected because a pushed branch tip is behind its remote
hint: counterpart. Check out this branch and integrate the remote changes
hint: (e.g. 'git pull ...') before pushing again.
hint: See the 'Note about fast-forwards' in 'git push --help' for details.

shiva@SHIVA MINGW64 ~/RAJE (feature-branch)
$ git push origin master
To https://github.com/MR-BABY-R/git-new.git
 ! [rejected]        master -> master (non-fast-forward)
error: failed to push some refs to 'https://github.com/MR-BABY-R/git-new.git'
hint: Updates were rejected because a pushed branch tip is behind its remote
hint: counterpart. Check out this branch and integrate the remote changes
hint: (e.g. 'git pull ...') before pushing again.
hint: See the 'Note about fast-forwards' in 'git push --help' for details.

shiva@SHIVA MINGW64 ~/RAJE (feature-branch)
$ git push origin feature-branch
Enumerating objects: 4, done.
Counting objects: 100% (4/4), done.
Delta compression using up to 8 threads
Compressing objects: 100% (2/2), done.
Writing objects: 100% (3/3), 365 bytes | 365.00 KiB/s, done.
Total 3 (delta 0), reused 0 (delta 0), pack-reused 0
remote:
remote: Create a pull request for 'feature-branch' on GitHub by visiting:
remote:      https://github.com/MR-BABY-R/git-new/pull/new/feature-branch
remote:
To https://github.com/MR-BABY-R/git-new.git
 * [new branch]      feature-branch -> feature-branch

shiva@SHIVA MINGW64 ~/RAJE (feature-branch)
$ git pull origin master
From https://github.com/MR-BABY-R/git-new
 * branch            master     -> FETCH_HEAD
fatal: refusing to merge unrelated histories

shiva@SHIVA MINGW64 ~/RAJE (feature-branch)
$ git push origin master
To https://github.com/MR-BABY-R/git-new.git
 ! [rejected]        master -> master (non-fast-forward)
error: failed to push some refs to 'https://github.com/MR-BABY-R/git-new.git'
hint: Updates were rejected because a pushed branch tip is behind its remote
hint: counterpart. Check out this branch and integrate the remote changes
hint: (e.g. 'git pull ...') before pushing again.
hint: See the 'Note about fast-forwards' in 'git push --help' for details.

shiva@SHIVA MINGW64 ~/RAJE (feature-branch)
$ git pull origin master --allow-unrelated-histories
From https://github.com/MR-BABY-R/git-new
 * branch            master     -> FETCH_HEAD
Merge made by the 'ort' strategy.
 Raje/file.txt  | 1 +
 Raje/file2.txt | 1 +
 ex2.txt        | 1 +
 3 files changed, 3 insertions(+)
 create mode 100644 Raje/file.txt
 create mode 100644 Raje/file2.txt
 create mode 100644 ex2.txt

shiva@SHIVA MINGW64 ~/RAJE (feature-branch)
$ git commit -m "5 th exp"
On branch feature-branch
nothing to commit, working tree clean

shiva@SHIVA MINGW64 ~/RAJE (feature-branch)
$ git commit
On branch feature-branch
nothing to commit, working tree clean

shiva@SHIVA MINGW64 ~/RAJE (feature-branch)
$ git checkout master
Switched to branch 'master'

shiva@SHIVA MINGW64 ~/RAJE (master)
$ git pull origin master
From https://github.com/MR-BABY-R/git-new
 * branch            master     -> FETCH_HEAD
fatal: refusing to merge unrelated histories

shiva@SHIVA MINGW64 ~/RAJE (master)
$ git pull origin master --allow-unrelated-histories
From https://github.com/MR-BABY-R/git-new
 * branch            master     -> FETCH_HEAD
Merge made by the 'ort' strategy.
 Raje/file.txt  | 1 +
 Raje/file2.txt | 1 +
 ex2.txt        | 1 +
 3 files changed, 3 insertions(+)
 create mode 100644 Raje/file.txt
 create mode 100644 Raje/file2.txt
 create mode 100644 ex2.txt

shiva@SHIVA MINGW64 ~/RAJE (master)
$ git add .

shiva@SHIVA MINGW64 ~/RAJE (master)
$ git commit -m "king od RCB"
On branch master
nothing to commit, working tree clean

shiva@SHIVA MINGW64 ~/RAJE (master)
$ git push origin master
Enumerating objects: 6, done.
Counting objects: 100% (6/6), done.
Delta compression using up to 8 threads
Compressing objects: 100% (3/3), done.
Writing objects: 100% (5/5), 547 bytes | 547.00 KiB/s, done.
Total 5 (delta 1), reused 0 (delta 0), pack-reused 0
remote: Resolving deltas: 100% (1/1), done.
To https://github.com/MR-BABY-R/git-new.git
   246c51c..ffbb53e  master -> master

shiva@SHIVA MINGW64 ~/RAJE (master)
$ git pull origin master
From https://github.com/MR-BABY-R/git-new
 * branch            master     -> FETCH_HEAD
Already up to date.

shiva@SHIVA MINGW64 ~/RAJE (master)
$ $ git pull origin master
bash: $: command not found

shiva@SHIVA MINGW64 ~/RAJE (master)
$ git pull origin master
From https://github.com/MR-BABY-R/git-new
 * branch            master     -> FETCH_HEAD
Already up to date.

shiva@SHIVA MINGW64 ~/RAJE (master)
$ git push origin master
Everything up-to-date

shiva@SHIVA MINGW64 ~/RAJE (master)
$ git push origin feature-branch
Enumerating objects: 4, done.
Counting objects: 100% (4/4), done.
Delta compression using up to 8 threads
Compressing objects: 100% (2/2), done.
Writing objects: 100% (2/2), 469 bytes | 469.00 KiB/s, done.
Total 2 (delta 0), reused 0 (delta 0), pack-reused 0
To https://github.com/MR-BABY-R/git-new.git
   23b285b..c82beb2  feature-branch -> feature-branch

shiva@SHIVA MINGW64 ~/RAJE (master)
$ git push origin feature-branch
Everything up-to-date

shiva@SHIVA MINGW64 ~/RAJE (master)
$
